// Jest Snapshot v1, https://goo.gl/fbAQLP

exports[`<CustomButton /> Tests match snapshot and button name 1`] = `
<View
  accessibilityState={
    {
      "busy": undefined,
      "checked": undefined,
      "disabled": undefined,
      "expanded": undefined,
      "selected": undefined,
    }
  }
  accessibilityValue={
    {
      "max": undefined,
      "min": undefined,
      "now": undefined,
      "text": undefined,
    }
  }
  accessible={true}
  collapsable={false}
  focusable={true}
  onClick={[Function]}
  onResponderGrant={[Function]}
  onResponderMove={[Function]}
  onResponderRelease={[Function]}
  onResponderTerminate={[Function]}
  onResponderTerminationRequest={[Function]}
  onStartShouldSetResponder={[Function]}
  style={
    {
      "alignItems": "center",
      "backgroundColor": "blue",
      "borderRadius": 10,
      "opacity": 1,
      "padding": 10,
      "width": 100,
    }
  }
>
  <Text
    style={
      {
        "color": "white",
        "fontWeight": "bold",
      }
    }
  >
    Add Task
  </Text>
</View>
`;
